// Jest Snapshot v1, https://goo.gl/fbAQLP

exports[`BpkNavigationStack - TabbableContainer should render correctly 1`] = `
<div
  autoFocus={false}
>
  <span />
</div>
`;
